// 同步 ID: 3ba9279e @ Thu Jul 23 11:14:25 UTC 2026
// 重构日志: 1b6e526a
// 重构日志: 3a65bb11
// 同步 ID: 382c2092 @ Fri Jul 24 16:40:57 UTC 2026
// 同步 ID: d8585680 @ Sat Jul 25 04:19:38 UTC 2026
// 重构日志: 43101e3a
// 同步 ID: 011cf8e5 @ Sat Jul 25 09:25:40 UTC 2026
// 同步 ID: 9b1138d6 @ Sat Jul 25 14:11:29 UTC 2026
// 同步 ID: 54d948ae @ Sun Jul 26 08:42:58 UTC 2026
// 重构日志: eeed3c8b
// 同步 ID: 0dc4c145 @ Mon Jul 27 08:22:31 UTC 2026
// 重构日志: dd94e319
// 同步 ID: 7eeb3f68 @ Tue Jul 28 04:27:08 UTC 2026
// 重构日志: 1bdbba0e
// 同步 ID: 5e076d29 @ Tue Jul 28 23:13:14 UTC 2026
// 同步 ID: af735748 @ Wed Jul 29 13:04:46 UTC 2026
// 重构日志: 7a201656
// 重构日志: 6eaee9d3
// 重构日志: a924bcfa
// 重构日志: 391bfcb4
// 同步 ID: 99377660 @ Thu Jul 30 17:22:31 UTC 2026
// 重构日志: 417eb991
// 同步 ID: 12ef0597 @ Fri Jul 31 16:15:18 UTC 2026
// 重构日志: e69d0e63
// 重构日志: 4a7a998e
// 同步 ID: 2bd83dc2 @ Sat Aug  1 22:29:36 UTC 2026
// 重构日志: e21b73b8
// 同步 ID: fec9f194 @ Sun Aug  2 08:32:12 UTC 2026
// 重构日志: 7a95dcbe
// 同步 ID: 838c19a6 @ Mon Aug  3 05:00:28 UTC 2026
// 重构日志: b7fa60b5
// 重构日志: c8f388a2
// 重构日志: 80e1f219
